../Core/Src/my_code.c:77:6:setup	24	static
../Core/Src/my_code.c:121:6:loop	272	static
../Core/Src/my_code.c:168:6:LCD_paint	104	static
../Core/Src/my_code.c:210:6:hall_read	8	static
../Core/Src/my_code.c:253:6:hall_calibrate	8	static
../Core/Src/my_code.c:274:6:gps_rx	8	static
../Core/Src/my_code.c:307:6:HAL_UART_RxCpltCallback	16	static
../Core/Src/my_code.c:358:6:lora_TX_blocking	96	static
../Core/Src/my_code.c:378:6:lora_tx_it	96	static
../Core/Src/my_code.c:403:6:HAL_TIM_IC_CaptureCallback	24	static
../Core/Src/my_code.c:431:6:readVoltage	24	static
../Core/Src/my_code.c:470:7:readCurrent	16	static
../Core/Src/my_code.c:482:6:ADC_Select_CH1	24	static
../Core/Src/my_code.c:496:6:ADC_Select_CH2	24	static
../Core/Src/my_code.c:510:6:ADC_Select_CH3	24	static
../Core/Src/my_code.c:524:6:ADC_Select_CH0	24	static
