../Core/Src/LCD.c:64:7:LCD_Delay_us	32	static
../Core/Src/LCD.c:71:7:LCD_Delay_ms	16	static
../Core/Src/LCD.c:80:6:LCD_Init	32	static
../Core/Src/LCD.c:134:6:LCD_Clear	8	static
../Core/Src/LCD.c:140:6:LCD_Puts	16	static
../Core/Src/LCD.c:169:6:LCD_DisplayOn	8	static
../Core/Src/LCD.c:175:6:LCD_DisplayOff	8	static
../Core/Src/LCD.c:181:6:LCD_BlinkOn	8	static
../Core/Src/LCD.c:187:6:LCD_BlinkOff	8	static
../Core/Src/LCD.c:193:6:LCD_CursorOn	8	static
../Core/Src/LCD.c:199:6:LCD_CursorOff	8	static
../Core/Src/LCD.c:205:6:LCD_ScrollLeft	8	static
../Core/Src/LCD.c:210:6:LCD_ScrollRight	8	static
../Core/Src/LCD.c:215:6:LCD_CreateChar	32	static
../Core/Src/LCD.c:227:6:LCD_PutCustom	24	static
../Core/Src/LCD.c:233:13:LCD_Cmd	16	static
../Core/Src/LCD.c:240:13:LCD_Data	16	static
../Core/Src/LCD.c:247:13:LCD_Cmd4bit	16	static
../Core/Src/LCD.c:256:13:LCD_CursorSet	24	static
../Core/Src/LCD.c:266:6:LCD_Put	16	static
