../Core/Src/my_code.c:76:6:setup	24	static
../Core/Src/my_code.c:111:6:loop	560	static
../Core/Src/my_code.c:151:6:LCD_paint	96	static
../Core/Src/my_code.c:172:6:hall_read	8	static
../Core/Src/my_code.c:215:6:hall_calibrate	8	static
../Core/Src/my_code.c:236:6:gps_rx	8	static
../Core/Src/my_code.c:266:6:HAL_UART_RxCpltCallback	16	static
../Core/Src/my_code.c:317:6:lora_TX_blocking	104	static
../Core/Src/my_code.c:336:6:test_gps_blocking	1520	static
../Core/Src/my_code.c:430:6:lora_tx_it	96	static
../Core/Src/my_code.c:456:6:debug_print_blocking	88	static
../Core/Src/my_code.c:465:6:HAL_TIM_IC_CaptureCallback	24	static
../Core/Src/my_code.c:492:6:readVoltage	24	static
../Core/Src/my_code.c:535:7:readCurrent	16	static
